#----------------------------
# Mapping file card - chamber
#
# GEM Prototype Test at CERN
#
# ISS test with Nilanga Telescope
# 
# Adapter with backplane; 1/4 of the adapter not used
#----------------------------

version = "0.1";

date="2011:06:27"; // yyyy:mm:dd 

module:            // this is the single GEM module
(
# --- module 0
  {
    name = "Chamber 1";
    type = "10x10";
    position:
    {
      x=0.;
      y=0.;
      z=0.;
    };

    card:
    (
// x bottom side
      {
        mpd=3;  // 0 ... MPD VME board index (slot number in future release)
        ch=2;   // 9-15  MPD channel where the fe card is connected
        pos=0;  // 0...  Position of the card on the module side (relative to the module coordinates, 0=first 128 strips, 1=from strip 128 to 255 ...)
        side=0; // 0...4 Module size (depends on the definition of the module, see ConfigModule method, even=x, odd=y)
	used_channels=96; // [optional] number of channels really used in the card, by default all
	first_element=0;   // [optional] first element (e.g. strip) index connected to the electronics
	first_channel=32;   // [optional] first electronic channel index connected to a chamber element
      },
      {
        mpd=3;  // 0 ...
        ch=3;   // 0-15
        pos=1;  // 0-12 ... position      
        side=0; // module size 0,1,2,3 
	used_channels=96; 
	first_element=32;   
	first_channel=0;   
      }
    );
  },
# --- module 1
  {
    name = "Chamber 2";
    type = "10x10";
    position:
    {
      x=0.;
      y=0.;
      z=100.;
    };

    card:
    (
      {
        mpd=2;  // 0 ...
        ch=3;   // 0-15
        pos=0;  // position      
        side=0; // module size 0,1,2,3 
	used_channels=96; 
	first_element=0;   
	first_channel=32;   
      },
      {
        mpd=2;  // 0 ...
        ch=4;   // 0-15
        pos=1;  // position      
        side=0; // module size 0,1,2,3 
	used_channels=96; 
	first_element=32;   
	first_channel=0;   
      },
      {
        mpd=2;  // 0 ...
        ch=10;   // 0-15
        pos=0;  // position      
        side=1; // module size 0,1,2,3 
	used_channels=96; 
	first_element=0;   
	first_channel=32;   
      }
    );
  },
# --- module 2
  {
    name = "Chamber 3";
    type = "10x10";
    position:
    {
      x=0.;
      y=0.;
      z=50.;
    };

    card:
    (
      {
        mpd=3;  // 0 ...
        ch=10;   // 0-15
        pos=0;  // position      
        side=0; // module size 0,1,2,3 
	used_channels=96;
	first_element=0;   
	first_channel=32;   
      },
      {
        mpd=3;  // 0 ...
        ch=11;   // 0-15
        pos=1;  // position      
        side=0; // module size 0,1,2,3 
	used_channels=96; 
	first_element=32;   
	first_channel=0;   
      }
    );
  }
);
